[Bootstrap]
SetupTitle=Install
SetupText=Copying Files, please stand by.
CabFile=sale_tbl.CAB
Spawn=Setup1.exe
Uninstal=st6unst.exe
TmpDir=msftqws.pdw
Cabs=1

[Bootstrap Files]
File1=@VB6STKIT.DLL,$(WinSysPathSysFile),,,7/15/00 12:00:00 AM,101888,6.0.84.50
File2=@COMCAT.DLL,$(WinSysPathSysFile),$(DLLSelfRegister),,5/31/98 12:00:00 AM,22288,4.71.1460.1
File3=@OLEPRO32.DLL,$(WinSysPathSysFile),$(DLLSelfRegister),,3/8/99 12:00:00 AM,164112,5.0.4275.1
File4=@STDOLE2.TLB,$(WinSysPathSysFile),$(TLBRegister),,6/3/99 12:00:00 AM,17920,2.40.4275.1
File5=@ASYCFILT.DLL,$(WinSysPathSysFile),,,3/8/99 12:00:00 AM,147728,2.40.4275.1
File6=@OLEAUT32.DLL,$(WinSysPathSysFile),$(DLLSelfRegister),,4/12/00 12:00:00 AM,598288,2.40.4275.1
File7=@msvbvm60.dll,$(WinSysPathSysFile),$(DLLSelfRegister),,7/14/09 8:15:50 AM,1386496,6.0.98.15

[Setup]
Title=sale_tbl
DefaultDir=$(ProgramFiles)\sale_tbl
AppExe=sale_tbl.dll
AppToUninstall=sale_tbl.dll

[Setup1 Files]
File1=@Codejock.SkinFramework.v13.2.1.ocx,$(WinSysPath),$(DLLSelfRegister),$(Shared),10/29/09 11:34:22 AM,567216,13.2.1.0
File2=@tibase6.dll,$(WinSysPathSysFile),,,6/1/99 6:00:00 AM,539824,6.0.0.1
File3=@tishare6.dll,$(WinSysPathSysFile),$(DLLSelfRegister),,6/1/99 6:00:00 AM,133296,6.0.0.1
File4=@timask6.ocx,$(WinSysPath),$(DLLSelfRegister),$(Shared),6/1/99 6:00:00 AM,224912,6.0.0.1
File5=@FM20.DLL,$(WinSysPath),$(DLLSelfRegister),$(Shared),10/26/06 2:10:08 PM,1190688,12.0.4518.1014
File6=@u252000.dll,$(WinSysPath),,$(Shared),11/8/00 1:46:00 PM,24576,8.0.0.0
File7=@u2lsamp1.dll,$(WinSysPath),,$(Shared),11/8/00 1:46:00 PM,24576,8.0.0.1
File8=@u2ldts.dll,$(WinSysPath),,$(Shared),11/8/00 1:46:00 PM,24576,8.0.0.0
File9=@u2lcom.dll,$(WinSysPath),,$(Shared),11/8/00 1:46:00 PM,45056,8.0.0.0
File10=@u2l2000.dll,$(WinSysPath),,$(Shared),11/8/00 1:46:00 PM,24576,8.0.0.0
File11=@u25dts.dll,$(WinSysPath),,$(Shared),11/8/00 1:46:00 PM,24576,8.0.0.0
File12=@crxf_pdf.dll,$(WinSysPath),,$(Shared),2/3/01 1:22:28 AM,270336,8.5.0.37
File13=@u2fxls.dll,$(WinSysPath),,$(Shared),2/3/01 6:05:56 AM,212992,8.5.0.99
File14=@u2fwordw.dll,$(WinSysPath),,$(Shared),2/3/01 6:05:56 AM,106496,8.5.0.92
File15=@u2fwks.dll,$(WinSysPath),,$(Shared),11/8/00 1:46:00 PM,40960,8.0.0.4
File16=@u2ftext.dll,$(WinSysPath),,$(Shared),2/3/01 6:05:56 AM,90112,8.5.0.98
File17=@u2fsepv.dll,$(WinSysPath),,$(Shared),11/8/00 1:46:00 PM,36864,8.0.0.9
File18=@crxf_rtf.dll,$(WinSysPath),,$(Shared),2/3/01 1:22:48 AM,200755,8.5.0.32
File19=@u2frec.dll,$(WinSysPath),,$(Shared),2/3/01 6:05:56 AM,36864,8.5.0.27
File20=@u2fodbc.dll,$(WinSysPath),,$(Shared),2/3/01 6:05:56 AM,49152,8.5.0.10
File21=@u2fhtml.dll,$(WinSysPath),,$(Shared),2/3/01 6:05:56 AM,45056,8.5.0.77
File22=@u2fcr.dll,$(WinSysPath),,$(Shared),2/3/01 6:05:56 AM,28672,8.5.0.3
File23=@u2dapp.dll,$(WinSysPath),,$(Shared),11/8/00 1:46:00 PM,28672,8.0.0.0
File24=@u2dvim.dll,$(WinSysPath),,$(Shared),11/8/00 1:46:00 PM,57344,8.0.0.0
File25=@u2dpost.dll,$(WinSysPath),,$(Shared),2/3/01 6:05:56 AM,102400,8.5.0.61
File26=@u2dnotes.dll,$(WinSysPath),,$(Shared),11/8/00 1:46:00 PM,53248,8.0.100.2
File27=@u2dmapi.dll,$(WinSysPath),,$(Shared),11/8/00 1:46:00 PM,40960,8.0.0.0
File28=@u2ddisk.dll,$(WinSysPath),,$(Shared),2/3/01 6:05:56 AM,28672,8.5.0.1
File29=@p2soledb.dll,$(WinSysPath),,$(Shared),2/3/01 1:26:50 AM,204800,8.5.0.20
File30=@p2ssyb10.dll,$(WinSysPath),,$(Shared),2/3/01 1:26:50 AM,159744,8.5.0.18
File31=@p2ssql.dll,$(WinSysPath),,$(Shared),2/3/01 1:26:50 AM,168000,8.5.0.19
File32=@p2sora7.dll,$(WinSysPath),,$(Shared),2/3/01 1:26:50 AM,167936,8.5.0.21
File33=@p2sodbc.dll,$(WinSysPath),,$(Shared),2/3/01 1:26:54 AM,286720,8.5.0.72
File34=@P2smon.dll,$(WinSysPath),,$(Shared),2/3/01 1:26:54 AM,163840,8.5.0.12
File35=@p2sifmx.dll,$(WinSysPath),,$(Shared),2/3/01 1:26:50 AM,167936,8.5.0.19
File36=@p2irdao.dll,$(WinSysPath),,$(Shared),2/3/01 1:26:54 AM,65536,8.5.0.6
File37=@p2ctdao.dll,$(WinSysPath),,$(Shared),2/3/01 1:26:54 AM,53248,8.5.0.6
File38=@p2bxbse.dll,$(WinSysPath),,$(Shared),2/3/01 1:26:48 AM,249856,8.5.0.7
File39=@p2bdao.dll,$(WinSysPath),,$(Shared),2/3/01 1:26:54 AM,94208,8.5.0.7
File40=@P2bbnd.dll,$(WinSysPath),,$(Shared),11/8/00 1:46:00 PM,23040,8.0.0.1
File41=@p2bbde.dll,$(WinSysPath),,$(Shared),2/3/01 1:26:48 AM,77824,8.5.0.17
File42=@Crxlat32.dll,$(WinSysPath),,$(Shared),10/25/00 5:15:00 PM,24576,8.0.0.0
File43=@mfc42.dll,$(WinSysPath),$(DLLSelfRegister),$(Shared),7/14/09 8:15:39 AM,1136640,6.6.8063.0
File44=@MSVCRT.DLL,$(WinSysPath),,$(Shared),2/17/04 12:00:00 AM,278581,6.0.9782.0
File45=@Crpaig80.dll,$(WinSysPath),,$(Shared),11/9/00 1:52:00 PM,618496,8.0.1.3
File46=@Implode.dll,$(AppPath),,,10/25/00 5:15:00 PM,17920,0.0.0.0
File47=@crpe32.dll,$(WinSysPath),,$(Shared),2/9/01 5:43:52 PM,4587577,8.5.0.217
File48=@Crystl32.OCX,$(WinSysPath),$(DLLSelfRegister),$(Shared),3/30/00 7:12:00 PM,847324,8.0.0.4
File49=@MSSTDFMT.DLL,$(WinSysPath),$(DLLSelfRegister),$(Shared),2/23/04 12:00:00 AM,119808,6.1.97.82
File50=@MSHFLXGD.OCX,$(WinSysPath),$(DLLSelfRegister),$(Shared),3/9/04 12:00:00 AM,440352,6.0.88.4
File51=@tinumb6.ocx,$(WinSysPath),$(DLLSelfRegister),$(Shared),6/1/99 6:00:00 AM,245904,6.0.0.1
File52=@Chameleon.ocx,$(WinSysPath),$(DLLSelfRegister),$(Shared),8/26/08 12:20:20 PM,122880,1.0.0.0
File53=@msado27.tlb,$(WinSysPath),,$(Shared),7/14/09 7:11:59 AM,77824,6.1.7600.16385
File54=@sale_tbl.dll,$(AppPath),$(DLLSelfRegister),,6/18/13 8:52:35 AM,692224,1.0.0.0

; The following lines may be deleted in order to obtain extra 
; space for customizing this file on a full installation diskette.
; 
; XXXXXXXXXXXXXXXXXXXXXXXXXXXXXXXXXXXXXXXXXXXXXXXXXXXXXXXXXXXX
; XXXXXXXXXXXXXXXXXXXXXXXXXXXXXXXXXXXXXXXXXXXXXXXXXXXXXXXXXXXX
; XXXXXXXXXXXXXXXXXXXXXXXXXXXXXXXXXXXXXXXXXXXXXXXXXXXXXXXXXXXX
; XXXXXXXXXXXXXXXXXXXXXXXXXXXXXXXXXXXXXXXXXXXXXXXXXXXXXXXXXXXX
; XXXXXXXXXXXXXXXXXXXXXXXXXXXXXXXXXXXXXXXXXXXXXXXXXXXXXXXXXXXX
; XXXXXXXXXXXXXXXXXXXXXXXXXXXXXXXXXXXXXXXXXXXXXXXXXXXXXXXXXXXX
; XXXXXXXXXXXXXXXXXXXXXXXXXXXXXXXXXXXXXXXXXXXXXXXXXXXXXXXXXXXX
; XXXXXXXXXXXXXXXXXXXXXXXXXXXXXXXXXXXXXXXXXXXXXXXXXXXXXXXXXXXX
; XXXXXXXXXXXXXXXXXXXXXXXXXXXXXXXXXXXXXXXXXXXXXXXXXXXXXXXXXXXX
; XXXXXXXXXXXXXXXXXXXXXXXXXXXXXXXXXXXXXXXXXXXXXXXXXXXXXXXXXXXX
; XXXXXXXXXXXXXXXXXXXXXXXXXXXXXXXXXXXXXXXXXXXXXXXXXXXXXXXXXXXX
; XXXXXXXXXXXXXXXXXXXXXXXXXXXXXXXXXXXXXXXXXXXXXXXXXXXXXXXXXXXX
; XXXXXXXXXXXXXXXXXXXXXXXXXXXXXXXXXXXXXXXXXXXXXXXXXXXXXXXXXXXX
; XXXXXXXXXXXXXXXXXXXXXXXXXXXXXXXXXXXXXXXXXXXXXXXXXXXXXXXXXXXX
; XXXXXXXXXXXXXXXXXXXXXXXXXXXXXXXXXXXXXXXXXXXXXXXXXXXXXXXXXXXX
; XXXXXXXXXXXXXXXXXXXXXXXXXXXXXXXXXXXXXXXXXXXXXXXXXXXXXXXXXXXX
; XXXXXXXXXXXXXXXXXXXXXXXXXXXXXXXXXXXXXXXXXXXXXXXXXXXXXXXXXXXX
; XXXXXXXXXXXXXXXXXXXXXXXXXXXXXXXXXXXXXXXXXXXXXXXXXXXXXXXXXXXX
; XXXXXXXXXXXXXXXXXXXXXXXXXXXXXXXXXXXXXXXXXXXXXXXXXXXXXXXXXXXX
; XXXXXXXXXXXXXXXXXXXXXXXXXXXXXXXXXXXXXXXXXXXXXXXXXXXXXXXXXXXX
; XXXXXXXXXXXXXXXXXXXXXXXXXXXXXXXXXXXXXXXXXXXXXXXXXXXXXXXXXXXX
; XXXXXXXXXXXXXXXXXXXXXXXXXXXXXXXXXXXXXXXXXXXXXXXXXXXXXXXXXXXX
; XXXXXXXXXXXXXXXXXXXXXXXXXXXXXXXXXXXXXXXXXXXXXXXXXXXXXXXXXXXX
; XXXXXXXXXXXXXXXXXXXXXXXXXXXXXXXXXXXXXXXXXXXXXXXXXXXXXXXXXXXX
; XXXXXXXXXXXXXXXXXXXXXXXXXXXXXXXXXXXXXXXXXXXXXXXXXXXXXXXXXXXX
; XXXXXXXXXXXXXXXXXXXXXXXXXXXXXXXXXXXXXXXXXXXXXXXXXXXXXXXXXXXX
; XXXXXXXXXXXXXXXXXXXXXXXXXXXXXXXXXXXXXXXXXXXXXXXXXXXXXXXXXXXX
; XXXXXXXXXXXXXXXXXXXXXXXXXXXXXXXXXXXXXXXXXXXXXXXXXXXXXXXXXXXX
; XXXXXXXXXXXXXXXXXXXXXXXXXXXXXXXXXXXXXXXXXXXXXXXXXXXXXXXXXXXX
; XXXXXXXXXXXXXXXXXXXXXXXXXXXXXXXXXXXXXXXXXXXXXXXXXXXXXXXXXXXX
; XXXXXXXXXXXXXXXXXXXXXXXXXXXXXXXXXXXXXXXXXXXXXXXXXXXXXXXXXXXX
; XXXXXXXXXXXXXXXXXXXXXXXXXXXXXXXXXXXXXXXXXXXXXXXXXXXXXXXXXXXX
; XXXXXXXXXXXXXXXXXXXXXXXXXXXXXXXXXXXXXXXXXXXXXXXXXXXXXXXXXXXX
; XXXXXXXXXXXXXXXXXXXXXXXXXXXXXXXXXXXXXXXXXXXXXXXXXXXXXXXXXXXX
; XXXXXXXXXXXXXXXXXXXXXXXXXXXXXXXXXXXXXXXXXXXXXXXXXXXXXXXXXXXX
